Copyright 1986-2018 Xilinx, Inc. All Rights Reserved.
------------------------------------------------------------------------------------
| Tool Version : Vivado v.2018.3 (win64) Build 2405991 Thu Dec  6 23:38:27 MST 2018
| Date         : Fri May 23 14:19:23 2025
| Host         : mowang-001 running 64-bit major release  (build 9200)
| Command      : report_clock_utilization -file Top_clock_utilization_routed.rpt
| Design       : Top
| Device       : 7a100t-csg324
| Speed File   : -1  PRODUCTION 1.23 2018-06-13
------------------------------------------------------------------------------------

Clock Utilization Report

Table of Contents
-----------------
1. Clock Primitive Utilization
2. Global Clock Resources
3. Global Clock Source Details
4. Clock Regions: Key Resource Utilization
5. Clock Regions : Global Clock Summary
6. Device Cell Placement Summary for Global Clock g0
7. Device Cell Placement Summary for Global Clock g1
8. Device Cell Placement Summary for Global Clock g2
9. Device Cell Placement Summary for Global Clock g3
10. Device Cell Placement Summary for Global Clock g4
11. Device Cell Placement Summary for Global Clock g5
12. Device Cell Placement Summary for Global Clock g6
13. Device Cell Placement Summary for Global Clock g7
14. Device Cell Placement Summary for Global Clock g8
15. Device Cell Placement Summary for Global Clock g9
16. Device Cell Placement Summary for Global Clock g10
17. Device Cell Placement Summary for Global Clock g11
18. Clock Region Cell Placement per Global Clock: Region X0Y0
19. Clock Region Cell Placement per Global Clock: Region X1Y0
20. Clock Region Cell Placement per Global Clock: Region X0Y1
21. Clock Region Cell Placement per Global Clock: Region X1Y1
22. Clock Region Cell Placement per Global Clock: Region X0Y2
23. Clock Region Cell Placement per Global Clock: Region X1Y2
24. Clock Region Cell Placement per Global Clock: Region X0Y3
25. Clock Region Cell Placement per Global Clock: Region X1Y3

1. Clock Primitive Utilization
------------------------------

+----------+------+-----------+-----+--------------+--------+
| Type     | Used | Available | LOC | Clock Region | Pblock |
+----------+------+-----------+-----+--------------+--------+
| BUFGCTRL |   12 |        32 |   0 |            0 |      0 |
| BUFH     |    0 |        96 |   0 |            0 |      0 |
| BUFIO    |    0 |        24 |   0 |            0 |      0 |
| BUFMR    |    0 |        12 |   0 |            0 |      0 |
| BUFR     |    0 |        24 |   0 |            0 |      0 |
| MMCM     |    0 |         6 |   0 |            0 |      0 |
| PLL      |    0 |         6 |   0 |            0 |      0 |
+----------+------+-----------+-----+--------------+--------+


2. Global Clock Resources
-------------------------

+-----------+-----------+-----------------+------------+----------------+--------------+-------------------+-------------+-----------------+--------------+-------------+---------------------------------+--------------------------+
| Global Id | Source Id | Driver Type/Pin | Constraint | Site           | Clock Region | Load Clock Region | Clock Loads | Non-Clock Loads | Clock Period | Clock       | Driver Pin                      | Net                      |
+-----------+-----------+-----------------+------------+----------------+--------------+-------------------+-------------+-----------------+--------------+-------------+---------------------------------+--------------------------+
| g0        | src0      | BUFG/O          | None       | BUFGCTRL_X0Y0  | n/a          |                 4 |        1474 |               0 |              |             | Clk_CPU_BUFG_inst/O             | Clk_CPU_BUFG             |
| g1        | src1      | BUFG/O          | None       | BUFGCTRL_X0Y16 | n/a          |                 8 |         606 |               0 |      100.000 | sys_clk_pin | clk_IBUF_BUFG_inst/O            | clk_IBUF_BUFG            |
| g2        | src2      | BUFG/O          | None       | BUFGCTRL_X0Y1  | n/a          |                 4 |         339 |               0 |              |             | n_0_2299_BUFG_inst/O            | n_0_2299_BUFG            |
| g3        | src3      | BUFG/O          | None       | BUFGCTRL_X0Y2  | n/a          |                 2 |          38 |               0 |              |             | HCount_reg[9]_i_2/O             | p_0_in                   |
| g4        | src4      | BUFG/O          | None       | BUFGCTRL_X0Y4  | n/a          |                 1 |          36 |               0 |              |             | n_1_2851_BUFG_inst/O            | n_1_2851_BUFG            |
| g5        | src5      | BUFG/O          | None       | BUFGCTRL_X0Y3  | n/a          |                 2 |          35 |               3 |              |             | clk0_BUFG_inst/O                | clk0_BUFG                |
| g6        | src6      | BUFG/O          | None       | BUFGCTRL_X0Y5  | n/a          |                 3 |          32 |               0 |              |             | n_2_2015_BUFG_inst/O            | n_2_2015_BUFG            |
| g7        | src7      | BUFG/O          | None       | BUFGCTRL_X0Y6  | n/a          |                 3 |          32 |               0 |              |             | n_3_1973_BUFG_inst/O            | n_3_1973_BUFG            |
| g8        | src8      | BUFG/O          | None       | BUFGCTRL_X0Y7  | n/a          |                 2 |          32 |               0 |              |             | n_4_1506_BUFG_inst/O            | n_4_1506_BUFG            |
| g9        | src9      | BUFG/O          | None       | BUFGCTRL_X0Y8  | n/a          |                 3 |          32 |               0 |              |             | n_5_1974_BUFG_inst/O            | n_5_1974_BUFG            |
| g10       | src10     | BUFG/O          | None       | BUFGCTRL_X0Y9  | n/a          |                 2 |          32 |               0 |              |             | n_6_2850_BUFG_inst/O            | n_6_2850_BUFG            |
| g11       | src11     | BUFG/O          | None       | BUFGCTRL_X0Y10 | n/a          |                 1 |          12 |               0 |              |             | U6_SSeg7/flash_IBUF_BUFG_inst/O | U6_SSeg7/flash_IBUF_BUFG |
+-----------+-----------+-----------------+------------+----------------+--------------+-------------------+-------------+-----------------+--------------+-------------+---------------------------------+--------------------------+
* Clock Loads column represents the clock pin loads (pin count)
** Non-Clock Loads column represents the non-clock pin loads (pin count)


3. Global Clock Source Details
------------------------------

+-----------+-----------+-----------------+------------+--------------+--------------+-------------+-----------------+---------------------+--------------+-----------------------------------------+---------------------------------------+
| Source Id | Global Id | Driver Type/Pin | Constraint | Site         | Clock Region | Clock Loads | Non-Clock Loads | Source Clock Period | Source Clock | Driver Pin                              | Net                                   |
+-----------+-----------+-----------------+------------+--------------+--------------+-------------+-----------------+---------------------+--------------+-----------------------------------------+---------------------------------------+
| src0      | g0        | LUT3/O          | None       | SLICE_X52Y96 | X1Y1         |           1 |               0 |                     |              | U8_clk_div/Clk_CPU_BUFG_inst_i_1/O      | U8_clk_div/Clk_CPU                    |
| src1      | g1        | IBUF/O          | IOB_X1Y126 | IOB_X1Y126   | X1Y2         |           1 |               0 |             100.000 | sys_clk_pin  | clk_IBUF_inst/O                         | clk_IBUF                              |
| src2      | g2        | LUT3/O          | None       | SLICE_X52Y96 | X1Y1         |           1 |               0 |                     |              | U8_clk_div/n_0_2299_BUFG_inst_i_1/O     | U8_clk_div/n_0_2299_BUFG_inst_n_1     |
| src3      | g3        | FDCE/Q          | None       | SLICE_X53Y96 | X1Y1         |           1 |               1 |                     |              | U12_VGAIO/VGACLK_reg[1]/Q               | U12_VGAIO/Q[0]                        |
| src4      | g4        | LUT3/O          | None       | SLICE_X52Y96 | X1Y1         |           1 |               0 |                     |              | U1_PCPU/EX_MEM/n_1_2851_BUFG_inst_i_1/O | U1_PCPU/EX_MEM/n_1_2851_BUFG_inst_n_2 |
| src5      | g5        | FDCE/Q          | None       | SLICE_X56Y93 | X1Y1         |           1 |               0 |                     |              | U8_clk_div/clkdiv_reg[6]/Q              | U8_clk_div/clk0                       |
| src6      | g6        | LUT2/O          | None       | SLICE_X52Y97 | X1Y1         |           1 |               0 |                     |              | U1_PCPU/MEM_WB/n_2_2015_BUFG_inst_i_1/O | U1_PCPU/MEM_WB/n_2_2015_BUFG_inst_n_3 |
| src7      | g7        | LUT2/O          | None       | SLICE_X52Y97 | X1Y1         |           1 |               0 |                     |              | U1_PCPU/MEM_WB/n_3_1973_BUFG_inst_i_1/O | U1_PCPU/MEM_WB/n_3_1973_BUFG_inst_n_4 |
| src8      | g8        | LUT4/O          | None       | SLICE_X51Y96 | X0Y1         |           1 |               0 |                     |              | U1_PCPU/ID_EX/n_4_1506_BUFG_inst_i_1/O  | U1_PCPU/ID_EX/n_4_1506_BUFG_inst_n_5  |
| src9      | g9        | LUT2/O          | None       | SLICE_X52Y97 | X1Y1         |           1 |               0 |                     |              | U1_PCPU/MEM_WB/n_5_1974_BUFG_inst_i_1/O | U1_PCPU/MEM_WB/n_5_1974_BUFG_inst_n_6 |
| src10     | g10       | LUT3/O          | None       | SLICE_X52Y96 | X1Y1         |           1 |               0 |                     |              | U1_PCPU/EX_MEM/n_6_2850_BUFG_inst_i_1/O | U1_PCPU/EX_MEM/n_6_2850_BUFG_inst_n_7 |
| src11     | g11       | FDCE/Q          | None       | SLICE_X56Y94 | X1Y1         |           1 |               3 |                     |              | U8_clk_div/clkdiv_reg[10]/Q             | U8_clk_div/point_in[8]                |
+-----------+-----------+-----------------+------------+--------------+--------------+-------------+-----------------+---------------------+--------------+-----------------------------------------+---------------------------------------+
* Clock Loads column represents the clock pin loads (pin count)
** Non-Clock Loads column represents the non-clock pin loads (pin count)


4. Clock Regions: Key Resource Utilization
------------------------------------------

+-------------------+--------------+--------------+--------------+--------------+--------------+--------------+--------------+--------------+--------------+--------------+--------------+--------------+--------------+--------------+--------------+
|                   | Global Clock |     BUFRs    |    BUFMRs    |    BUFIOs    |     MMCM     |      PLL     |      GT      |      PCI     |    ILOGIC    |    OLOGIC    |      FF      |     LUTM     |    RAMB18    |    RAMB36    |    DSP48E2   |
+-------------------+------+-------+------+-------+------+-------+------+-------+------+-------+------+-------+------+-------+------+-------+------+-------+------+-------+------+-------+------+-------+------+-------+------+-------+------+-------+
| Clock Region Name | Used | Avail | Used | Avail | Used | Avail | Used | Avail | Used | Avail | Used | Avail | Used | Avail | Used | Avail | Used | Avail | Used | Avail | Used | Avail | Used | Avail | Used | Avail | Used | Avail | Used | Avail |
+-------------------+------+-------+------+-------+------+-------+------+-------+------+-------+------+-------+------+-------+------+-------+------+-------+------+-------+------+-------+------+-------+------+-------+------+-------+------+-------+
| X0Y0              |    1 |    12 |    0 |     4 |    0 |     2 |    0 |     4 |    0 |     1 |    0 |     1 |    0 |     0 |    0 |     0 |    0 |    50 |    0 |    50 |    0 |  2600 |    0 |   600 |    0 |    20 |   10 |    10 |    0 |    20 |
| X1Y0              |    1 |    12 |    0 |     0 |    0 |     0 |    0 |     0 |    0 |     0 |    0 |     0 |    0 |     4 |    0 |     0 |    0 |     0 |    0 |     0 |   14 |  1500 |    4 |   550 |    0 |    40 |   20 |    20 |    0 |    40 |
| X0Y1              |    8 |    12 |    0 |     4 |    0 |     2 |    0 |     4 |    0 |     1 |    0 |     1 |    0 |     0 |    0 |     0 |    0 |    50 |    0 |    50 |  476 |  2000 |  146 |   600 |    0 |    20 |   10 |    10 |    0 |    20 |
| X1Y1              |    8 |    12 |    0 |     4 |    0 |     2 |    0 |     4 |    0 |     1 |    0 |     1 |    0 |     0 |    0 |     0 |    0 |    50 |    0 |    50 |  376 |  1900 |  178 |   650 |    0 |    60 |   29 |    30 |    0 |    40 |
| X0Y2              |    7 |    12 |    0 |     4 |    0 |     2 |    0 |     4 |    0 |     1 |    0 |     1 |    0 |     0 |    0 |     0 |    0 |    50 |    0 |    50 | 1016 |  2000 |  278 |   600 |    0 |    20 |   10 |    10 |    0 |    20 |
| X1Y2              |    8 |    12 |    0 |     4 |    0 |     2 |    0 |     4 |    0 |     1 |    0 |     1 |    0 |     0 |    0 |     0 |    0 |    50 |    0 |    50 |  342 |  1900 |  178 |   650 |    0 |    60 |   30 |    30 |    0 |    40 |
| X0Y3              |    1 |    12 |    0 |     4 |    0 |     2 |    0 |     4 |    0 |     1 |    0 |     1 |    0 |     0 |    0 |     0 |    0 |    50 |    0 |    50 |    5 |  2600 |    5 |   600 |    0 |    20 |   10 |    10 |    0 |    20 |
| X1Y3              |    1 |    12 |    0 |     0 |    0 |     0 |    0 |     0 |    0 |     0 |    0 |     0 |    0 |     4 |    0 |     1 |    0 |     0 |    0 |     0 |    3 |  1350 |    3 |   500 |    1 |    30 |   14 |    15 |    0 |    40 |
+-------------------+------+-------+------+-------+------+-------+------+-------+------+-------+------+-------+------+-------+------+-------+------+-------+------+-------+------+-------+------+-------+------+-------+------+-------+------+-------+
* Global Clock column represents track count; while other columns represents cell counts


5. Clock Regions : Global Clock Summary
---------------------------------------

All Modules
+----+----+----+
|    | X0 | X1 |
+----+----+----+
| Y3 |  1 |  1 |
| Y2 |  7 |  8 |
| Y1 |  8 |  8 |
| Y0 |  1 |  1 |
+----+----+----+


6. Device Cell Placement Summary for Global Clock g0
----------------------------------------------------

+-----------+-----------------+-------------------+-------+-------------+---------------+-------------+----------+----------------+----------+--------------+
| Global Id | Driver Type/Pin | Driver Region (D) | Clock | Period (ns) | Waveform (ns) | Slice Loads | IO Loads | Clocking Loads | GT Loads | Net          |
+-----------+-----------------+-------------------+-------+-------------+---------------+-------------+----------+----------------+----------+--------------+
| g0        | BUFG/O          | n/a               |       |             |               |        1474 |        0 |              0 |        0 | Clk_CPU_BUFG |
+-----------+-----------------+-------------------+-------+-------------+---------------+-------------+----------+----------------+----------+--------------+
* Logic Loads column represents load cell count of all cell types other than IO, GT and clock resources
** IO Loads column represents load cell count of IO types
*** Clocking Loads column represents load cell count that are clock resources (global clock buffer, MMCM, PLL, etc)
**** GT Loads column represents load cell count of GT types


+----+------+------+
|    | X0   | X1   |
+----+------+------+
| Y3 |    0 |    0 |
| Y2 |  973 |  246 |
| Y1 |  239 |   16 |
| Y0 |    0 |    0 |
+----+------+------+


7. Device Cell Placement Summary for Global Clock g1
----------------------------------------------------

+-----------+-----------------+-------------------+-------------+-------------+----------------+-------------+----------+----------------+----------+---------------+
| Global Id | Driver Type/Pin | Driver Region (D) | Clock       | Period (ns) | Waveform (ns)  | Slice Loads | IO Loads | Clocking Loads | GT Loads | Net           |
+-----------+-----------------+-------------------+-------------+-------------+----------------+-------------+----------+----------------+----------+---------------+
| g1        | BUFG/O          | n/a               | sys_clk_pin |     100.000 | {0.000 50.000} |         470 |        0 |              0 |        0 | clk_IBUF_BUFG |
+-----------+-----------------+-------------------+-------------+-------------+----------------+-------------+----------+----------------+----------+---------------+
* Logic Loads column represents load cell count of all cell types other than IO, GT and clock resources
** IO Loads column represents load cell count of IO types
*** Clocking Loads column represents load cell count that are clock resources (global clock buffer, MMCM, PLL, etc)
**** GT Loads column represents load cell count of GT types


+----+-----+------+
|    | X0  | X1   |
+----+-----+------+
| Y3 |  15 |   19 |
| Y2 |  40 |   78 |
| Y1 |  87 |  187 |
| Y0 |  10 |   34 |
+----+-----+------+


8. Device Cell Placement Summary for Global Clock g2
----------------------------------------------------

+-----------+-----------------+-------------------+-------+-------------+---------------+-------------+----------+----------------+----------+---------------+
| Global Id | Driver Type/Pin | Driver Region (D) | Clock | Period (ns) | Waveform (ns) | Slice Loads | IO Loads | Clocking Loads | GT Loads | Net           |
+-----------+-----------------+-------------------+-------+-------------+---------------+-------------+----------+----------------+----------+---------------+
| g2        | BUFG/O          | n/a               |       |             |               |         339 |        0 |              0 |        0 | n_0_2299_BUFG |
+-----------+-----------------+-------------------+-------+-------------+---------------+-------------+----------+----------------+----------+---------------+
* Logic Loads column represents load cell count of all cell types other than IO, GT and clock resources
** IO Loads column represents load cell count of IO types
*** Clocking Loads column represents load cell count that are clock resources (global clock buffer, MMCM, PLL, etc)
**** GT Loads column represents load cell count of GT types


+----+------+------+
|    | X0   | X1   |
+----+------+------+
| Y3 |    0 |    0 |
| Y2 |   13 |   45 |
| Y1 |  147 |  134 |
| Y0 |    0 |    0 |
+----+------+------+


9. Device Cell Placement Summary for Global Clock g3
----------------------------------------------------

+-----------+-----------------+-------------------+-------+-------------+---------------+-------------+----------+----------------+----------+--------+
| Global Id | Driver Type/Pin | Driver Region (D) | Clock | Period (ns) | Waveform (ns) | Slice Loads | IO Loads | Clocking Loads | GT Loads | Net    |
+-----------+-----------------+-------------------+-------+-------------+---------------+-------------+----------+----------------+----------+--------+
| g3        | BUFG/O          | n/a               |       |             |               |          38 |        0 |              0 |        0 | p_0_in |
+-----------+-----------------+-------------------+-------+-------------+---------------+-------------+----------+----------------+----------+--------+
* Logic Loads column represents load cell count of all cell types other than IO, GT and clock resources
** IO Loads column represents load cell count of IO types
*** Clocking Loads column represents load cell count that are clock resources (global clock buffer, MMCM, PLL, etc)
**** GT Loads column represents load cell count of GT types


+----+----+-----+
|    | X0 | X1  |
+----+----+-----+
| Y3 |  0 |   0 |
| Y2 |  0 |   0 |
| Y1 |  1 |  37 |
| Y0 |  0 |   0 |
+----+----+-----+


10. Device Cell Placement Summary for Global Clock g4
-----------------------------------------------------

+-----------+-----------------+-------------------+-------+-------------+---------------+-------------+----------+----------------+----------+---------------+
| Global Id | Driver Type/Pin | Driver Region (D) | Clock | Period (ns) | Waveform (ns) | Slice Loads | IO Loads | Clocking Loads | GT Loads | Net           |
+-----------+-----------------+-------------------+-------+-------------+---------------+-------------+----------+----------------+----------+---------------+
| g4        | BUFG/O          | n/a               |       |             |               |          36 |        0 |              0 |        0 | n_1_2851_BUFG |
+-----------+-----------------+-------------------+-------+-------------+---------------+-------------+----------+----------------+----------+---------------+
* Logic Loads column represents load cell count of all cell types other than IO, GT and clock resources
** IO Loads column represents load cell count of IO types
*** Clocking Loads column represents load cell count that are clock resources (global clock buffer, MMCM, PLL, etc)
**** GT Loads column represents load cell count of GT types


+----+----+-----+
|    | X0 | X1  |
+----+----+-----+
| Y3 |  0 |   0 |
| Y2 |  0 |   0 |
| Y1 |  0 |  36 |
| Y0 |  0 |   0 |
+----+----+-----+


11. Device Cell Placement Summary for Global Clock g5
-----------------------------------------------------

+-----------+-----------------+-------------------+-------+-------------+---------------+-------------+----------+----------------+----------+-----------+
| Global Id | Driver Type/Pin | Driver Region (D) | Clock | Period (ns) | Waveform (ns) | Slice Loads | IO Loads | Clocking Loads | GT Loads | Net       |
+-----------+-----------------+-------------------+-------+-------------+---------------+-------------+----------+----------------+----------+-----------+
| g5        | BUFG/O          | n/a               |       |             |               |          38 |        0 |              0 |        0 | clk0_BUFG |
+-----------+-----------------+-------------------+-------+-------------+---------------+-------------+----------+----------------+----------+-----------+
* Logic Loads column represents load cell count of all cell types other than IO, GT and clock resources
** IO Loads column represents load cell count of IO types
*** Clocking Loads column represents load cell count that are clock resources (global clock buffer, MMCM, PLL, etc)
**** GT Loads column represents load cell count of GT types


+----+----+-----+
|    | X0 | X1  |
+----+----+-----+
| Y3 |  0 |   0 |
| Y2 |  0 |   3 |
| Y1 |  0 |  35 |
| Y0 |  0 |   0 |
+----+----+-----+


12. Device Cell Placement Summary for Global Clock g6
-----------------------------------------------------

+-----------+-----------------+-------------------+-------+-------------+---------------+-------------+----------+----------------+----------+---------------+
| Global Id | Driver Type/Pin | Driver Region (D) | Clock | Period (ns) | Waveform (ns) | Slice Loads | IO Loads | Clocking Loads | GT Loads | Net           |
+-----------+-----------------+-------------------+-------+-------------+---------------+-------------+----------+----------------+----------+---------------+
| g6        | BUFG/O          | n/a               |       |             |               |          32 |        0 |              0 |        0 | n_2_2015_BUFG |
+-----------+-----------------+-------------------+-------+-------------+---------------+-------------+----------+----------------+----------+---------------+
* Logic Loads column represents load cell count of all cell types other than IO, GT and clock resources
** IO Loads column represents load cell count of IO types
*** Clocking Loads column represents load cell count that are clock resources (global clock buffer, MMCM, PLL, etc)
**** GT Loads column represents load cell count of GT types


+----+-----+-----+
|    | X0  | X1  |
+----+-----+-----+
| Y3 |   0 |   0 |
| Y2 |  19 |  11 |
| Y1 |   0 |   2 |
| Y0 |   0 |   0 |
+----+-----+-----+


13. Device Cell Placement Summary for Global Clock g7
-----------------------------------------------------

+-----------+-----------------+-------------------+-------+-------------+---------------+-------------+----------+----------------+----------+---------------+
| Global Id | Driver Type/Pin | Driver Region (D) | Clock | Period (ns) | Waveform (ns) | Slice Loads | IO Loads | Clocking Loads | GT Loads | Net           |
+-----------+-----------------+-------------------+-------+-------------+---------------+-------------+----------+----------------+----------+---------------+
| g7        | BUFG/O          | n/a               |       |             |               |          32 |        0 |              0 |        0 | n_3_1973_BUFG |
+-----------+-----------------+-------------------+-------+-------------+---------------+-------------+----------+----------------+----------+---------------+
* Logic Loads column represents load cell count of all cell types other than IO, GT and clock resources
** IO Loads column represents load cell count of IO types
*** Clocking Loads column represents load cell count that are clock resources (global clock buffer, MMCM, PLL, etc)
**** GT Loads column represents load cell count of GT types


+----+-----+----+
|    | X0  | X1 |
+----+-----+----+
| Y3 |   0 |  0 |
| Y2 |  25 |  5 |
| Y1 |   2 |  0 |
| Y0 |   0 |  0 |
+----+-----+----+


14. Device Cell Placement Summary for Global Clock g8
-----------------------------------------------------

+-----------+-----------------+-------------------+-------+-------------+---------------+-------------+----------+----------------+----------+---------------+
| Global Id | Driver Type/Pin | Driver Region (D) | Clock | Period (ns) | Waveform (ns) | Slice Loads | IO Loads | Clocking Loads | GT Loads | Net           |
+-----------+-----------------+-------------------+-------+-------------+---------------+-------------+----------+----------------+----------+---------------+
| g8        | BUFG/O          | n/a               |       |             |               |          32 |        0 |              0 |        0 | n_4_1506_BUFG |
+-----------+-----------------+-------------------+-------+-------------+---------------+-------------+----------+----------------+----------+---------------+
* Logic Loads column represents load cell count of all cell types other than IO, GT and clock resources
** IO Loads column represents load cell count of IO types
*** Clocking Loads column represents load cell count that are clock resources (global clock buffer, MMCM, PLL, etc)
**** GT Loads column represents load cell count of GT types


+----+-----+----+
|    | X0  | X1 |
+----+-----+----+
| Y3 |   0 |  0 |
| Y2 |  14 |  0 |
| Y1 |  18 |  0 |
| Y0 |   0 |  0 |
+----+-----+----+


15. Device Cell Placement Summary for Global Clock g9
-----------------------------------------------------

+-----------+-----------------+-------------------+-------+-------------+---------------+-------------+----------+----------------+----------+---------------+
| Global Id | Driver Type/Pin | Driver Region (D) | Clock | Period (ns) | Waveform (ns) | Slice Loads | IO Loads | Clocking Loads | GT Loads | Net           |
+-----------+-----------------+-------------------+-------+-------------+---------------+-------------+----------+----------------+----------+---------------+
| g9        | BUFG/O          | n/a               |       |             |               |          32 |        0 |              0 |        0 | n_5_1974_BUFG |
+-----------+-----------------+-------------------+-------+-------------+---------------+-------------+----------+----------------+----------+---------------+
* Logic Loads column represents load cell count of all cell types other than IO, GT and clock resources
** IO Loads column represents load cell count of IO types
*** Clocking Loads column represents load cell count that are clock resources (global clock buffer, MMCM, PLL, etc)
**** GT Loads column represents load cell count of GT types


+----+-----+----+
|    | X0  | X1 |
+----+-----+----+
| Y3 |   0 |  0 |
| Y2 |  25 |  4 |
| Y1 |   3 |  0 |
| Y0 |   0 |  0 |
+----+-----+----+


16. Device Cell Placement Summary for Global Clock g10
------------------------------------------------------

+-----------+-----------------+-------------------+-------+-------------+---------------+-------------+----------+----------------+----------+---------------+
| Global Id | Driver Type/Pin | Driver Region (D) | Clock | Period (ns) | Waveform (ns) | Slice Loads | IO Loads | Clocking Loads | GT Loads | Net           |
+-----------+-----------------+-------------------+-------+-------------+---------------+-------------+----------+----------------+----------+---------------+
| g10       | BUFG/O          | n/a               |       |             |               |          32 |        0 |              0 |        0 | n_6_2850_BUFG |
+-----------+-----------------+-------------------+-------+-------------+---------------+-------------+----------+----------------+----------+---------------+
* Logic Loads column represents load cell count of all cell types other than IO, GT and clock resources
** IO Loads column represents load cell count of IO types
*** Clocking Loads column represents load cell count that are clock resources (global clock buffer, MMCM, PLL, etc)
**** GT Loads column represents load cell count of GT types


+----+----+-----+
|    | X0 | X1  |
+----+----+-----+
| Y3 |  0 |   0 |
| Y2 |  0 |  25 |
| Y1 |  0 |   7 |
| Y0 |  0 |   0 |
+----+----+-----+


17. Device Cell Placement Summary for Global Clock g11
------------------------------------------------------

+-----------+-----------------+-------------------+-------+-------------+---------------+-------------+----------+----------------+----------+--------------------------+
| Global Id | Driver Type/Pin | Driver Region (D) | Clock | Period (ns) | Waveform (ns) | Slice Loads | IO Loads | Clocking Loads | GT Loads | Net                      |
+-----------+-----------------+-------------------+-------+-------------+---------------+-------------+----------+----------------+----------+--------------------------+
| g11       | BUFG/O          | n/a               |       |             |               |          12 |        0 |              0 |        0 | U6_SSeg7/flash_IBUF_BUFG |
+-----------+-----------------+-------------------+-------+-------------+---------------+-------------+----------+----------------+----------+--------------------------+
* Logic Loads column represents load cell count of all cell types other than IO, GT and clock resources
** IO Loads column represents load cell count of IO types
*** Clocking Loads column represents load cell count that are clock resources (global clock buffer, MMCM, PLL, etc)
**** GT Loads column represents load cell count of GT types


+----+-----+----+
|    | X0  | X1 |
+----+-----+----+
| Y3 |   0 |  0 |
| Y2 |   0 |  0 |
| Y1 |  12 |  0 |
| Y0 |   0 |  0 |
+----+-----+----+


18. Clock Region Cell Placement per Global Clock: Region X0Y0
-------------------------------------------------------------

+-----------+-------+-----------------+------------+-------------+-----------------+----+--------+------+-----+----+------+-----+---------+---------------+
| Global Id | Track | Driver Type/Pin | Constraint | Clock Loads | Non-Clock Loads | FF | LUTRAM | RAMB | DSP | GT | MMCM | PLL | Hard IP | Net           |
+-----------+-------+-----------------+------------+-------------+-----------------+----+--------+------+-----+----+------+-----+---------+---------------+
| g1        | n/a   | BUFG/O          | None       |          10 |               0 |  0 |      0 |   10 |   0 |  0 |    0 |   0 |       0 | clk_IBUF_BUFG |
+-----------+-------+-----------------+------------+-------------+-----------------+----+--------+------+-----+----+------+-----+---------+---------------+
* Clock Loads column represents the clock pin loads (pin count)
** Non-Clock Loads column represents the non-clock pin loads (pin count)
*** Columns FF, LUTRAM, RAMB through 'Hard IP' represents load cell counts


19. Clock Region Cell Placement per Global Clock: Region X1Y0
-------------------------------------------------------------

+-----------+-------+-----------------+------------+-------------+-----------------+----+--------+------+-----+----+------+-----+---------+---------------+
| Global Id | Track | Driver Type/Pin | Constraint | Clock Loads | Non-Clock Loads | FF | LUTRAM | RAMB | DSP | GT | MMCM | PLL | Hard IP | Net           |
+-----------+-------+-----------------+------------+-------------+-----------------+----+--------+------+-----+----+------+-----+---------+---------------+
| g1        | n/a   | BUFG/O          | None       |          34 |               0 | 14 |      0 |   20 |   0 |  0 |    0 |   0 |       0 | clk_IBUF_BUFG |
+-----------+-------+-----------------+------------+-------------+-----------------+----+--------+------+-----+----+------+-----+---------+---------------+
* Clock Loads column represents the clock pin loads (pin count)
** Non-Clock Loads column represents the non-clock pin loads (pin count)
*** Columns FF, LUTRAM, RAMB through 'Hard IP' represents load cell counts


20. Clock Region Cell Placement per Global Clock: Region X0Y1
-------------------------------------------------------------

+-----------+-------+-----------------+------------+-------------+-----------------+-----+--------+------+-----+----+------+-----+---------+--------------------------+
| Global Id | Track | Driver Type/Pin | Constraint | Clock Loads | Non-Clock Loads | FF  | LUTRAM | RAMB | DSP | GT | MMCM | PLL | Hard IP | Net                      |
+-----------+-------+-----------------+------------+-------------+-----------------+-----+--------+------+-----+----+------+-----+---------+--------------------------+
| g0        | n/a   | BUFG/O          | None       |         239 |               0 | 239 |      0 |    0 |   0 |  0 |    0 |   0 |       0 | Clk_CPU_BUFG             |
| g1        | n/a   | BUFG/O          | None       |          87 |               0 |  77 |      0 |   10 |   0 |  0 |    0 |   0 |       0 | clk_IBUF_BUFG            |
| g2        | n/a   | BUFG/O          | None       |         147 |               0 | 147 |      0 |    0 |   0 |  0 |    0 |   0 |       0 | n_0_2299_BUFG            |
| g3        | n/a   | BUFG/O          | None       |           1 |               0 |   1 |      0 |    0 |   0 |  0 |    0 |   0 |       0 | p_0_in                   |
| g7        | n/a   | BUFG/O          | None       |           2 |               0 |   0 |      0 |    0 |   0 |  0 |    0 |   0 |       0 | n_3_1973_BUFG            |
| g8        | n/a   | BUFG/O          | None       |          18 |               0 |   0 |      0 |    0 |   0 |  0 |    0 |   0 |       0 | n_4_1506_BUFG            |
| g9        | n/a   | BUFG/O          | None       |           3 |               0 |   0 |      0 |    0 |   0 |  0 |    0 |   0 |       0 | n_5_1974_BUFG            |
| g11       | n/a   | BUFG/O          | None       |          12 |               0 |  12 |      0 |    0 |   0 |  0 |    0 |   0 |       0 | U6_SSeg7/flash_IBUF_BUFG |
+-----------+-------+-----------------+------------+-------------+-----------------+-----+--------+------+-----+----+------+-----+---------+--------------------------+
* Clock Loads column represents the clock pin loads (pin count)
** Non-Clock Loads column represents the non-clock pin loads (pin count)
*** Columns FF, LUTRAM, RAMB through 'Hard IP' represents load cell counts


21. Clock Region Cell Placement per Global Clock: Region X1Y1
-------------------------------------------------------------

+-----------+-------+-----------------+------------+-------------+-----------------+-----+--------+------+-----+----+------+-----+---------+---------------+
| Global Id | Track | Driver Type/Pin | Constraint | Clock Loads | Non-Clock Loads | FF  | LUTRAM | RAMB | DSP | GT | MMCM | PLL | Hard IP | Net           |
+-----------+-------+-----------------+------------+-------------+-----------------+-----+--------+------+-----+----+------+-----+---------+---------------+
| g0        | n/a   | BUFG/O          | None       |          16 |               0 |  16 |      0 |    0 |   0 |  0 |    0 |   0 |       0 | Clk_CPU_BUFG  |
| g1        | n/a   | BUFG/O          | None       |         187 |               0 | 157 |      0 |   29 |   0 |  0 |    0 |   0 |       0 | clk_IBUF_BUFG |
| g2        | n/a   | BUFG/O          | None       |         134 |               0 | 134 |      0 |    0 |   0 |  0 |    0 |   0 |       0 | n_0_2299_BUFG |
| g3        | n/a   | BUFG/O          | None       |          37 |               0 |  37 |      0 |    0 |   0 |  0 |    0 |   0 |       0 | p_0_in        |
| g4        | n/a   | BUFG/O          | None       |          36 |               0 |   0 |      0 |    0 |   0 |  0 |    0 |   0 |       0 | n_1_2851_BUFG |
| g5        | n/a   | BUFG/O          | None       |          32 |               3 |  32 |      0 |    0 |   0 |  0 |    0 |   0 |       0 | clk0_BUFG     |
| g6        | n/a   | BUFG/O          | None       |           2 |               0 |   0 |      0 |    0 |   0 |  0 |    0 |   0 |       0 | n_2_2015_BUFG |
| g10       | n/a   | BUFG/O          | None       |           7 |               0 |   0 |      0 |    0 |   0 |  0 |    0 |   0 |       0 | n_6_2850_BUFG |
+-----------+-------+-----------------+------------+-------------+-----------------+-----+--------+------+-----+----+------+-----+---------+---------------+
* Clock Loads column represents the clock pin loads (pin count)
** Non-Clock Loads column represents the non-clock pin loads (pin count)
*** Columns FF, LUTRAM, RAMB through 'Hard IP' represents load cell counts


22. Clock Region Cell Placement per Global Clock: Region X0Y2
-------------------------------------------------------------

+-----------+-------+-----------------+------------+-------------+-----------------+-----+--------+------+-----+----+------+-----+---------+---------------+
| Global Id | Track | Driver Type/Pin | Constraint | Clock Loads | Non-Clock Loads | FF  | LUTRAM | RAMB | DSP | GT | MMCM | PLL | Hard IP | Net           |
+-----------+-------+-----------------+------------+-------------+-----------------+-----+--------+------+-----+----+------+-----+---------+---------------+
| g0        | n/a   | BUFG/O          | None       |         973 |               0 | 973 |      0 |    0 |   0 |  0 |    0 |   0 |       0 | Clk_CPU_BUFG  |
| g1        | n/a   | BUFG/O          | None       |          40 |               0 |  30 |      0 |   10 |   0 |  0 |    0 |   0 |       0 | clk_IBUF_BUFG |
| g2        | n/a   | BUFG/O          | None       |          13 |               0 |  13 |      0 |    0 |   0 |  0 |    0 |   0 |       0 | n_0_2299_BUFG |
| g6        | n/a   | BUFG/O          | None       |          19 |               0 |   0 |      0 |    0 |   0 |  0 |    0 |   0 |       0 | n_2_2015_BUFG |
| g7        | n/a   | BUFG/O          | None       |          25 |               0 |   0 |      0 |    0 |   0 |  0 |    0 |   0 |       0 | n_3_1973_BUFG |
| g8        | n/a   | BUFG/O          | None       |          14 |               0 |   0 |      0 |    0 |   0 |  0 |    0 |   0 |       0 | n_4_1506_BUFG |
| g9        | n/a   | BUFG/O          | None       |          25 |               0 |   0 |      0 |    0 |   0 |  0 |    0 |   0 |       0 | n_5_1974_BUFG |
+-----------+-------+-----------------+------------+-------------+-----------------+-----+--------+------+-----+----+------+-----+---------+---------------+
* Clock Loads column represents the clock pin loads (pin count)
** Non-Clock Loads column represents the non-clock pin loads (pin count)
*** Columns FF, LUTRAM, RAMB through 'Hard IP' represents load cell counts


23. Clock Region Cell Placement per Global Clock: Region X1Y2
-------------------------------------------------------------

+-----------+-------+-----------------+------------+-------------+-----------------+-----+--------+------+-----+----+------+-----+---------+---------------+
| Global Id | Track | Driver Type/Pin | Constraint | Clock Loads | Non-Clock Loads | FF  | LUTRAM | RAMB | DSP | GT | MMCM | PLL | Hard IP | Net           |
+-----------+-------+-----------------+------------+-------------+-----------------+-----+--------+------+-----+----+------+-----+---------+---------------+
| g0        | n/a   | BUFG/O          | None       |         246 |               0 | 246 |      0 |    0 |   0 |  0 |    0 |   0 |       0 | Clk_CPU_BUFG  |
| g1        | n/a   | BUFG/O          | None       |          78 |               0 |  48 |      0 |   30 |   0 |  0 |    0 |   0 |       0 | clk_IBUF_BUFG |
| g2        | n/a   | BUFG/O          | None       |          45 |               0 |  45 |      0 |    0 |   0 |  0 |    0 |   0 |       0 | n_0_2299_BUFG |
| g5        | n/a   | BUFG/O          | None       |           3 |               0 |   3 |      0 |    0 |   0 |  0 |    0 |   0 |       0 | clk0_BUFG     |
| g6        | n/a   | BUFG/O          | None       |          11 |               0 |   0 |      0 |    0 |   0 |  0 |    0 |   0 |       0 | n_2_2015_BUFG |
| g7        | n/a   | BUFG/O          | None       |           5 |               0 |   0 |      0 |    0 |   0 |  0 |    0 |   0 |       0 | n_3_1973_BUFG |
| g9        | n/a   | BUFG/O          | None       |           4 |               0 |   0 |      0 |    0 |   0 |  0 |    0 |   0 |       0 | n_5_1974_BUFG |
| g10       | n/a   | BUFG/O          | None       |          25 |               0 |   0 |      0 |    0 |   0 |  0 |    0 |   0 |       0 | n_6_2850_BUFG |
+-----------+-------+-----------------+------------+-------------+-----------------+-----+--------+------+-----+----+------+-----+---------+---------------+
* Clock Loads column represents the clock pin loads (pin count)
** Non-Clock Loads column represents the non-clock pin loads (pin count)
*** Columns FF, LUTRAM, RAMB through 'Hard IP' represents load cell counts


24. Clock Region Cell Placement per Global Clock: Region X0Y3
-------------------------------------------------------------

+-----------+-------+-----------------+------------+-------------+-----------------+----+--------+------+-----+----+------+-----+---------+---------------+
| Global Id | Track | Driver Type/Pin | Constraint | Clock Loads | Non-Clock Loads | FF | LUTRAM | RAMB | DSP | GT | MMCM | PLL | Hard IP | Net           |
+-----------+-------+-----------------+------------+-------------+-----------------+----+--------+------+-----+----+------+-----+---------+---------------+
| g1        | n/a   | BUFG/O          | None       |          15 |               0 |  5 |      0 |   10 |   0 |  0 |    0 |   0 |       0 | clk_IBUF_BUFG |
+-----------+-------+-----------------+------------+-------------+-----------------+----+--------+------+-----+----+------+-----+---------+---------------+
* Clock Loads column represents the clock pin loads (pin count)
** Non-Clock Loads column represents the non-clock pin loads (pin count)
*** Columns FF, LUTRAM, RAMB through 'Hard IP' represents load cell counts


25. Clock Region Cell Placement per Global Clock: Region X1Y3
-------------------------------------------------------------

+-----------+-------+-----------------+------------+-------------+-----------------+----+--------+------+-----+----+------+-----+---------+---------------+
| Global Id | Track | Driver Type/Pin | Constraint | Clock Loads | Non-Clock Loads | FF | LUTRAM | RAMB | DSP | GT | MMCM | PLL | Hard IP | Net           |
+-----------+-------+-----------------+------------+-------------+-----------------+----+--------+------+-----+----+------+-----+---------+---------------+
| g1        | n/a   | BUFG/O          | None       |          19 |               0 |  3 |      0 |   15 |   0 |  0 |    0 |   0 |       0 | clk_IBUF_BUFG |
+-----------+-------+-----------------+------------+-------------+-----------------+----+--------+------+-----+----+------+-----+---------+---------------+
* Clock Loads column represents the clock pin loads (pin count)
** Non-Clock Loads column represents the non-clock pin loads (pin count)
*** Columns FF, LUTRAM, RAMB through 'Hard IP' represents load cell counts



# Location of BUFG Primitives 
set_property LOC BUFGCTRL_X0Y2 [get_cells HCount_reg[9]_i_2]
set_property LOC BUFGCTRL_X0Y9 [get_cells n_6_2850_BUFG_inst]
set_property LOC BUFGCTRL_X0Y8 [get_cells n_5_1974_BUFG_inst]
set_property LOC BUFGCTRL_X0Y7 [get_cells n_4_1506_BUFG_inst]
set_property LOC BUFGCTRL_X0Y6 [get_cells n_3_1973_BUFG_inst]
set_property LOC BUFGCTRL_X0Y5 [get_cells n_2_2015_BUFG_inst]
set_property LOC BUFGCTRL_X0Y4 [get_cells n_1_2851_BUFG_inst]
set_property LOC BUFGCTRL_X0Y1 [get_cells n_0_2299_BUFG_inst]
set_property LOC BUFGCTRL_X0Y16 [get_cells clk_IBUF_BUFG_inst]
set_property LOC BUFGCTRL_X0Y3 [get_cells clk0_BUFG_inst]
set_property LOC BUFGCTRL_X0Y10 [get_cells U6_SSeg7/flash_IBUF_BUFG_inst]
set_property LOC BUFGCTRL_X0Y0 [get_cells Clk_CPU_BUFG_inst]

# Location of IO Primitives which is load of clock spine

# Location of clock ports
set_property LOC IOB_X1Y126 [get_ports clk]

# Clock net "p_0_in" driven by instance "HCount_reg[9]_i_2" located at site "BUFGCTRL_X0Y2"
#startgroup
create_pblock {CLKAG_p_0_in}
add_cells_to_pblock [get_pblocks  {CLKAG_p_0_in}] [get_cells -filter { PRIMITIVE_GROUP != I/O && IS_PRIMITIVE==1 && PRIMITIVE_LEVEL !=INTERNAL } -of_object [get_pins -filter {DIRECTION==IN} -of_objects [get_nets -hierarchical -filter {PARENT=="p_0_in"}]]]
resize_pblock [get_pblocks {CLKAG_p_0_in}] -add {CLOCKREGION_X0Y1:CLOCKREGION_X0Y1 CLOCKREGION_X1Y1:CLOCKREGION_X1Y1}
#endgroup

# Clock net "n_6_2850_BUFG" driven by instance "n_6_2850_BUFG_inst" located at site "BUFGCTRL_X0Y9"
#startgroup
create_pblock {CLKAG_n_6_2850_BUFG}
add_cells_to_pblock [get_pblocks  {CLKAG_n_6_2850_BUFG}] [get_cells -filter { PRIMITIVE_GROUP != I/O && IS_PRIMITIVE==1 && PRIMITIVE_LEVEL !=INTERNAL } -of_object [get_pins -filter {DIRECTION==IN} -of_objects [get_nets -hierarchical -filter {PARENT=="n_6_2850_BUFG"}]]]
resize_pblock [get_pblocks {CLKAG_n_6_2850_BUFG}] -add {CLOCKREGION_X1Y1:CLOCKREGION_X1Y1 CLOCKREGION_X1Y2:CLOCKREGION_X1Y2}
#endgroup

# Clock net "n_5_1974_BUFG" driven by instance "n_5_1974_BUFG_inst" located at site "BUFGCTRL_X0Y8"
#startgroup
create_pblock {CLKAG_n_5_1974_BUFG}
add_cells_to_pblock [get_pblocks  {CLKAG_n_5_1974_BUFG}] [get_cells -filter { PRIMITIVE_GROUP != I/O && IS_PRIMITIVE==1 && PRIMITIVE_LEVEL !=INTERNAL } -of_object [get_pins -filter {DIRECTION==IN} -of_objects [get_nets -hierarchical -filter {PARENT=="n_5_1974_BUFG"}]]]
resize_pblock [get_pblocks {CLKAG_n_5_1974_BUFG}] -add {CLOCKREGION_X0Y1:CLOCKREGION_X0Y1 CLOCKREGION_X0Y2:CLOCKREGION_X0Y2 CLOCKREGION_X1Y2:CLOCKREGION_X1Y2}
#endgroup

# Clock net "n_4_1506_BUFG" driven by instance "n_4_1506_BUFG_inst" located at site "BUFGCTRL_X0Y7"
#startgroup
create_pblock {CLKAG_n_4_1506_BUFG}
add_cells_to_pblock [get_pblocks  {CLKAG_n_4_1506_BUFG}] [get_cells -filter { PRIMITIVE_GROUP != I/O && IS_PRIMITIVE==1 && PRIMITIVE_LEVEL !=INTERNAL } -of_object [get_pins -filter {DIRECTION==IN} -of_objects [get_nets -hierarchical -filter {PARENT=="n_4_1506_BUFG"}]]]
resize_pblock [get_pblocks {CLKAG_n_4_1506_BUFG}] -add {CLOCKREGION_X0Y1:CLOCKREGION_X0Y1 CLOCKREGION_X0Y2:CLOCKREGION_X0Y2}
#endgroup

# Clock net "n_3_1973_BUFG" driven by instance "n_3_1973_BUFG_inst" located at site "BUFGCTRL_X0Y6"
#startgroup
create_pblock {CLKAG_n_3_1973_BUFG}
add_cells_to_pblock [get_pblocks  {CLKAG_n_3_1973_BUFG}] [get_cells -filter { PRIMITIVE_GROUP != I/O && IS_PRIMITIVE==1 && PRIMITIVE_LEVEL !=INTERNAL } -of_object [get_pins -filter {DIRECTION==IN} -of_objects [get_nets -hierarchical -filter {PARENT=="n_3_1973_BUFG"}]]]
resize_pblock [get_pblocks {CLKAG_n_3_1973_BUFG}] -add {CLOCKREGION_X0Y1:CLOCKREGION_X0Y1 CLOCKREGION_X0Y2:CLOCKREGION_X0Y2 CLOCKREGION_X1Y2:CLOCKREGION_X1Y2}
#endgroup

# Clock net "n_2_2015_BUFG" driven by instance "n_2_2015_BUFG_inst" located at site "BUFGCTRL_X0Y5"
#startgroup
create_pblock {CLKAG_n_2_2015_BUFG}
add_cells_to_pblock [get_pblocks  {CLKAG_n_2_2015_BUFG}] [get_cells -filter { PRIMITIVE_GROUP != I/O && IS_PRIMITIVE==1 && PRIMITIVE_LEVEL !=INTERNAL } -of_object [get_pins -filter {DIRECTION==IN} -of_objects [get_nets -hierarchical -filter {PARENT=="n_2_2015_BUFG"}]]]
resize_pblock [get_pblocks {CLKAG_n_2_2015_BUFG}] -add {CLOCKREGION_X0Y2:CLOCKREGION_X0Y2 CLOCKREGION_X1Y1:CLOCKREGION_X1Y1 CLOCKREGION_X1Y2:CLOCKREGION_X1Y2}
#endgroup

# Clock net "n_1_2851_BUFG" driven by instance "n_1_2851_BUFG_inst" located at site "BUFGCTRL_X0Y4"
#startgroup
create_pblock {CLKAG_n_1_2851_BUFG}
add_cells_to_pblock [get_pblocks  {CLKAG_n_1_2851_BUFG}] [get_cells -filter { PRIMITIVE_GROUP != I/O && IS_PRIMITIVE==1 && PRIMITIVE_LEVEL !=INTERNAL } -of_object [get_pins -filter {DIRECTION==IN} -of_objects [get_nets -hierarchical -filter {PARENT=="n_1_2851_BUFG"}]]]
resize_pblock [get_pblocks {CLKAG_n_1_2851_BUFG}] -add {CLOCKREGION_X1Y1:CLOCKREGION_X1Y1}
#endgroup

# Clock net "n_0_2299_BUFG" driven by instance "n_0_2299_BUFG_inst" located at site "BUFGCTRL_X0Y1"
#startgroup
create_pblock {CLKAG_n_0_2299_BUFG}
add_cells_to_pblock [get_pblocks  {CLKAG_n_0_2299_BUFG}] [get_cells -filter { PRIMITIVE_GROUP != I/O && IS_PRIMITIVE==1 && PRIMITIVE_LEVEL !=INTERNAL } -of_object [get_pins -filter {DIRECTION==IN} -of_objects [get_nets -hierarchical -filter {PARENT=="n_0_2299_BUFG"}]]]
resize_pblock [get_pblocks {CLKAG_n_0_2299_BUFG}] -add {CLOCKREGION_X0Y1:CLOCKREGION_X0Y1 CLOCKREGION_X0Y2:CLOCKREGION_X0Y2 CLOCKREGION_X1Y1:CLOCKREGION_X1Y1 CLOCKREGION_X1Y2:CLOCKREGION_X1Y2}
#endgroup

# Clock net "clk_IBUF_BUFG" driven by instance "clk_IBUF_BUFG_inst" located at site "BUFGCTRL_X0Y16"
#startgroup
create_pblock {CLKAG_clk_IBUF_BUFG}
add_cells_to_pblock [get_pblocks  {CLKAG_clk_IBUF_BUFG}] [get_cells -filter { PRIMITIVE_GROUP != I/O && IS_PRIMITIVE==1 && PRIMITIVE_LEVEL !=INTERNAL } -of_object [get_pins -filter {DIRECTION==IN} -of_objects [get_nets -hierarchical -filter {PARENT=="clk_IBUF_BUFG"}]]]
resize_pblock [get_pblocks {CLKAG_clk_IBUF_BUFG}] -add {CLOCKREGION_X0Y0:CLOCKREGION_X0Y0 CLOCKREGION_X0Y1:CLOCKREGION_X0Y1 CLOCKREGION_X0Y2:CLOCKREGION_X0Y2 CLOCKREGION_X0Y3:CLOCKREGION_X0Y3 CLOCKREGION_X1Y0:CLOCKREGION_X1Y0 CLOCKREGION_X1Y1:CLOCKREGION_X1Y1 CLOCKREGION_X1Y2:CLOCKREGION_X1Y2 CLOCKREGION_X1Y3:CLOCKREGION_X1Y3}
#endgroup

# Clock net "clk0_BUFG" driven by instance "clk0_BUFG_inst" located at site "BUFGCTRL_X0Y3"
#startgroup
create_pblock {CLKAG_clk0_BUFG}
add_cells_to_pblock [get_pblocks  {CLKAG_clk0_BUFG}] [get_cells -filter { PRIMITIVE_GROUP != I/O && IS_PRIMITIVE==1 && PRIMITIVE_LEVEL !=INTERNAL } -of_object [get_pins -filter {DIRECTION==IN} -of_objects [get_nets -hierarchical -filter {PARENT=="clk0_BUFG"}]]]
resize_pblock [get_pblocks {CLKAG_clk0_BUFG}] -add {CLOCKREGION_X1Y1:CLOCKREGION_X1Y1 CLOCKREGION_X1Y2:CLOCKREGION_X1Y2}
#endgroup

# Clock net "U6_SSeg7/flash_IBUF_BUFG" driven by instance "U6_SSeg7/flash_IBUF_BUFG_inst" located at site "BUFGCTRL_X0Y10"
#startgroup
create_pblock {CLKAG_U6_SSeg7/flash_IBUF_BUFG}
add_cells_to_pblock [get_pblocks  {CLKAG_U6_SSeg7/flash_IBUF_BUFG}] [get_cells -filter { PRIMITIVE_GROUP != I/O && IS_PRIMITIVE==1 && PRIMITIVE_LEVEL !=INTERNAL } -of_object [get_pins -filter {DIRECTION==IN} -of_objects [get_nets -hierarchical -filter {PARENT=="U6_SSeg7/flash_IBUF_BUFG"}]]]
resize_pblock [get_pblocks {CLKAG_U6_SSeg7/flash_IBUF_BUFG}] -add {CLOCKREGION_X0Y1:CLOCKREGION_X0Y1}
#endgroup

# Clock net "Clk_CPU_BUFG" driven by instance "Clk_CPU_BUFG_inst" located at site "BUFGCTRL_X0Y0"
#startgroup
create_pblock {CLKAG_Clk_CPU_BUFG}
add_cells_to_pblock [get_pblocks  {CLKAG_Clk_CPU_BUFG}] [get_cells -filter { PRIMITIVE_GROUP != I/O && IS_PRIMITIVE==1 && PRIMITIVE_LEVEL !=INTERNAL } -of_object [get_pins -filter {DIRECTION==IN} -of_objects [get_nets -hierarchical -filter {PARENT=="Clk_CPU_BUFG"}]]]
resize_pblock [get_pblocks {CLKAG_Clk_CPU_BUFG}] -add {CLOCKREGION_X0Y1:CLOCKREGION_X0Y1 CLOCKREGION_X0Y2:CLOCKREGION_X0Y2 CLOCKREGION_X1Y1:CLOCKREGION_X1Y1 CLOCKREGION_X1Y2:CLOCKREGION_X1Y2}
#endgroup
